src/controllers/stock.controller.ts(136,46): error TS2339: Property 't' does not exist on type '{ c: any; h: any; l: any; o: any; t: any; v: any; s: string; } | { s: string; }'.
  Property 't' does not exist on type '{ s: string; }'.
src/controllers/stock.controller.ts(137,39): error TS2339: Property 't' does not exist on type '{ c: any; h: any; l: any; o: any; t: any; v: any; s: string; } | { s: string; }'.
  Property 't' does not exist on type '{ s: string; }'.
src/controllers/stock.controller.ts(139,25): error TS2339: Property 'o' does not exist on type '{ c: any; h: any; l: any; o: any; t: any; v: any; s: string; } | { s: string; }'.
  Property 'o' does not exist on type '{ s: string; }'.
src/controllers/stock.controller.ts(140,25): error TS2339: Property 'h' does not exist on type '{ c: any; h: any; l: any; o: any; t: any; v: any; s: string; } | { s: string; }'.
  Property 'h' does not exist on type '{ s: string; }'.
src/controllers/stock.controller.ts(141,24): error TS2339: Property 'l' does not exist on type '{ c: any; h: any; l: any; o: any; t: any; v: any; s: string; } | { s: string; }'.
  Property 'l' does not exist on type '{ s: string; }'.
src/controllers/stock.controller.ts(142,26): error TS2339: Property 'c' does not exist on type '{ c: any; h: any; l: any; o: any; t: any; v: any; s: string; } | { s: string; }'.
  Property 'c' does not exist on type '{ s: string; }'.
src/controllers/stock.controller.ts(143,27): error TS2339: Property 'v' does not exist on type '{ c: any; h: any; l: any; o: any; t: any; v: any; s: string; } | { s: string; }'.
  Property 'v' does not exist on type '{ s: string; }'.
src/services/mockPriceEngine.ts(76,25): error TS2488: Type 'never' must have a '[Symbol.iterator]()' method that returns an iterator.
src/services/stock.service.ts(6,18): error TS2339: Property 'suppressNotices' does not exist on type 'YahooFinanceWithModules<{ readonly modules: { readonly quoteCombine: { (this: ModuleThis, query: string, queryOptionsOverrides?: QuoteOptions | undefined, moduleOptions?: ModuleOptionsWithValidateTrue | undefined): Promise<...>; (this: ModuleThis, query: string, queryOptionsOverrides?: QuoteOptions | undefined, modu...'.
src/services/stock.service.ts(19,18): error TS2339: Property 'regularMarketPrice' does not exist on type 'never'.
src/services/stock.service.ts(20,18): error TS2339: Property 'regularMarketDayHigh' does not exist on type 'never'.
src/services/stock.service.ts(21,18): error TS2339: Property 'regularMarketDayLow' does not exist on type 'never'.
src/services/stock.service.ts(22,18): error TS2339: Property 'regularMarketOpen' does not exist on type 'never'.
src/services/stock.service.ts(23,19): error TS2339: Property 'regularMarketPreviousClose' does not exist on type 'never'.
src/services/stock.service.ts(45,21): error TS2339: Property 'longName' does not exist on type 'never'.
src/services/stock.service.ts(45,39): error TS2339: Property 'shortName' does not exist on type 'never'.
src/services/stock.service.ts(46,23): error TS2339: Property 'symbol' does not exist on type 'never'.
src/services/stock.service.ts(47,25): error TS2339: Property 'exchange' does not exist on type 'never'.
src/services/stock.service.ts(48,25): error TS2339: Property 'currency' does not exist on type 'never'.
src/services/stock.service.ts(49,37): error TS2339: Property 'marketCap' does not exist on type 'never'.
src/services/stock.service.ts(50,25): error TS2339: Property 'industry' does not exist on type 'never'.
src/services/stock.service.ts(80,29): error TS2339: Property 'length' does not exist on type 'never'.
src/services/stock.service.ts(86,19): error TS2339: Property 'map' does not exist on type 'never'.
src/services/stock.service.ts(86,23): error TS7006: Parameter 'r' implicitly has an 'any' type.
src/services/stock.service.ts(87,19): error TS2339: Property 'map' does not exist on type 'never'.
src/services/stock.service.ts(87,23): error TS7006: Parameter 'r' implicitly has an 'any' type.
src/services/stock.service.ts(88,19): error TS2339: Property 'map' does not exist on type 'never'.
src/services/stock.service.ts(88,23): error TS7006: Parameter 'r' implicitly has an 'any' type.
src/services/stock.service.ts(89,19): error TS2339: Property 'map' does not exist on type 'never'.
src/services/stock.service.ts(89,23): error TS7006: Parameter 'r' implicitly has an 'any' type.
src/services/stock.service.ts(90,19): error TS2339: Property 'map' does not exist on type 'never'.
src/services/stock.service.ts(90,23): error TS7006: Parameter 'r' implicitly has an 'any' type.
src/services/stock.service.ts(91,19): error TS2339: Property 'map' does not exist on type 'never'.
src/services/stock.service.ts(91,23): error TS7006: Parameter 'r' implicitly has an 'any' type.
